<html>
  <head>
    <title>Foobar | Bar</title>
  </head>
  <body>
    <h1>Bar</h1>
  </body>
</html>
